// Jest Snapshot v1, https://goo.gl/fbAQLP

exports[`CarDetails component should render correctly 1`] = `
<DocumentFragment>
  <p>
    No car found
  </p>
</DocumentFragment>
`;

exports[`CarDetails component should render correctly after state change 1`] = `<DocumentFragment />`;
